// Jest Snapshot v1, https://goo.gl/fbAQLP

exports[`Player should render a player 1`] = `
<View
  color="#000000"
  position={
    Object {
      "x": 21,
      "y": 21,
    }
  }
  radius={20}
  style={
    Array [
      Object {
        "backgroundColor": "white",
        "borderColor": "#000000",
        "borderRadius": 40,
        "borderWidth": 4,
        "height": 40,
        "left": 1,
        "position": "absolute",
        "top": 41,
        "width": 40,
      },
    ]
  }
/>
`;
