// Jest Snapshot v1, https://goo.gl/fbAQLP

exports[`Zoomer should render a zoomer 1`] = `
<View
  color="#123456"
  createdAt={5}
  position={
    Vector {
      "x": 21,
      "y": 21,
    }
  }
  radius={20}
  style={
    Array [
      Object {
        "backgroundColor": "#123456",
        "borderColor": "white",
        "borderRadius": 40,
        "borderWidth": 4,
        "height": 40,
        "left": 1,
        "position": "absolute",
        "top": 1,
        "width": 40,
      },
    ]
  }
/>
`;
