// Jest Snapshot v1, https://goo.gl/fbAQLP

exports[`Game should render the full game 1`] = `
<View
  onLayout={[Function]}
  style={
    Array [
      Object {
        "flex": 1,
      },
      Array [
        Object {
          "backgroundColor": "#000",
          "flexBasis": 0,
          "flexGrow": 1,
          "flexShrink": 1,
        },
      ],
    ]
  }
>
  <View
    onTouchEnd={[Function]}
    onTouchMove={[Function]}
    onTouchStart={[Function]}
    style={
      Object {
        "backgroundColor": "transparent",
        "flex": 1,
      }
    }
  />
  <View
    pointerEvents="box-none"
    style={
      Array [
        Object {
          "left": 0,
          "position": "absolute",
          "top": 0,
        },
        Object {
          "height": 1334,
          "width": 750,
        },
      ]
    }
  />
</View>
`;
