// Jest Snapshot v1, https://goo.gl/fbAQLP

exports[`Circle should render a circle 1`] = `
<View
  color="#543210"
  position={
    Object {
      "x": 5,
      "y": 5,
    }
  }
  radius={5}
  style={
    Array [
      Object {
        "backgroundColor": "white",
        "borderColor": "#543210",
        "borderRadius": 10,
        "borderWidth": 4,
        "height": 10,
        "left": 0,
        "position": "absolute",
        "top": 10,
        "width": 10,
      },
    ]
  }
/>
`;
